
Running 17 tests using 1 worker

  Γ£ÿ   1 [chromium] ΓÇ║ tests\02-todo-crud.spec.ts:20:7 ΓÇ║ Todo CRUD Operations ΓÇ║ TC-01: Create todo with title only (30.0s)
  Γ£ÿ   2 [chromium] ΓÇ║ tests\02-todo-crud.spec.ts:40:7 ΓÇ║ Todo CRUD Operations ΓÇ║ TC-02: Create todo with all metadata (30.0s)
  Γ£ÿ   3 [chromium] ΓÇ║ tests\02-todo-crud.spec.ts:57:7 ΓÇ║ Todo CRUD Operations ΓÇ║ TC-03: Edit todo (30.0s)
  Γ£ÿ   4 [chromium] ΓÇ║ tests\02-todo-crud.spec.ts:88:7 ΓÇ║ Todo CRUD Operations ΓÇ║ TC-04: Toggle completion (30.0s)
  Γ£ÿ   5 [chromium] ΓÇ║ tests\02-todo-crud.spec.ts:111:7 ΓÇ║ Todo CRUD Operations ΓÇ║ TC-05: Delete todo (30.0s)
